// Jest Snapshot v1, https://goo.gl/fbAQLP

exports[`With Snapshot testing Button rendered correctly 1`] = `
<button
  className="jsx-3920943040 "
/>
`;
